WARNING: AppFramework : Unable to load module p4lib.dll!
qdir:    "d:\project\cf_to_csgo\work\cop357_snowfox\native_vm\source1\"
gamedir: "D:\project\cf_to_csgo\work\cop357_snowfox\native_vm\isolated_game\csgo\"
g_path:  "D:\project\cf_to_csgo\work\cop357_snowfox\native_vm\source1\v_pist_glock18.qc"
Building binary model files...
Working on "v_pist_glock18.qc"
SMD MODEL cf_native_vm.smd
SMD MODEL v_pist_glock18_anims\idle.smd
SMD MODEL v_pist_glock18_anims\shoot1.smd
SMD MODEL v_pist_glock18_anims\shoot2.smd
SMD MODEL v_pist_glock18_anims\shoot3.smd
SMD MODEL v_pist_glock18_anims\shoot_empty.smd
SMD MODEL v_pist_glock18_anims\reload.smd
SMD MODEL v_pist_glock18_anims\draw.smd
SMD MODEL v_pist_glock18_anims\lookat01.smd
Processing LOD for material: cf_cop357_snowfox_r1
Processing LOD for material: cf_cop357_snowfox_r2
Processing LOD for material: cf_cop357_snowfox_r3
Processing LOD for material: cf_cop357_snowfox_r0
Processing LOD for material: cf_cop357_snowfox_r5
Processing LOD for material: cf_cop357_snowfox_r4
Processing LOD for material: cf_nini_hand_gr
Processing LOD for material: cf_nini_arm_gr
---------------------
writing D:\project\cf_to_csgo\work\cop357_snowfox\native_vm\isolated_game\csgo\models/weapons\v_pist_glock18.mdl:
bones        27576 bytes (109)
   animation       x       y       ips    angle
$BoneSaveFrame "v_weapon" position rotation
$BoneSaveFrame "v_weapon.Bip01" rotation
$BoneSaveFrame "v_weapon.Bip01_Pelvis" rotation
$BoneSaveFrame "v_weapon.Bip01_Spine" rotation
$BoneSaveFrame "v_weapon.Bip01_Spine1" rotation
$BoneSaveFrame "v_weapon.Bip01_Spine2" rotation
$BoneSaveFrame "v_weapon.Bip01_Spine3" rotation
$BoneSaveFrame "v_weapon.Bip01_Neck" rotation
$BoneSaveFrame "v_weapon.Bip01_L_Clavicle" rotation
$BoneSaveFrame "v_weapon.Bip01_L_UpperArm" rotation
$BoneSaveFrame "v_weapon.Bip01_L_Forearm" rotation
$BoneSaveFrame "v_weapon.Bip01_L_Hand" rotation
$BoneSaveFrame "v_weapon.Bip01_L_ForeTwist" rotation
$BoneSaveFrame "v_weapon.Bip01_R_Clavicle" rotation
$BoneSaveFrame "v_weapon.Bip01_R_UpperArm" rotation
$BoneSaveFrame "v_weapon.Bip01_R_Forearm" rotation
$BoneSaveFrame "v_weapon.Bip01_R_Hand" rotation
$BoneSaveFrame "v_weapon.Bip01_R_ForeTwist" rotation
$BoneSaveFrame "v_weapon.Bip01_L_Finger0" rotation
$BoneSaveFrame "v_weapon.Bip01_L_Finger01" rotation
$BoneSaveFrame "v_weapon.Bip01_L_Finger02" rotation
$BoneSaveFrame "v_weapon.Bip01_L_Finger1" rotation
$BoneSaveFrame "v_weapon.Bip01_L_Finger11" rotation
$BoneSaveFrame "v_weapon.Bip01_L_Finger12" rotation
$BoneSaveFrame "v_weapon.Bip01_L_Finger2" rotation
$BoneSaveFrame "v_weapon.Bip01_L_Finger21" rotation
$BoneSaveFrame "v_weapon.Bip01_L_Finger22" rotation
$BoneSaveFrame "v_weapon.Bip01_L_Finger3" rotation
$BoneSaveFrame "v_weapon.Bip01_L_Finger31" rotation
$BoneSaveFrame "v_weapon.Bip01_L_Finger32" rotation
$BoneSaveFrame "v_weapon.Bip01_L_Finger4" rotation
$BoneSaveFrame "v_weapon.Bip01_L_Finger41" rotation
$BoneSaveFrame "v_weapon.Bip01_L_Finger42" rotation
$BoneSaveFrame "v_weapon.Bip01_R_Finger0" rotation
$BoneSaveFrame "v_weapon.Bip01_R_Finger01" rotation
$BoneSaveFrame "v_weapon.Bip01_R_Finger02" rotation
$BoneSaveFrame "v_weapon.Bip01_R_Finger1" rotation
$BoneSaveFrame "v_weapon.Bip01_R_Finger11" rotation
$BoneSaveFrame "v_weapon.Bip01_R_Finger12" rotation
$BoneSaveFrame "v_weapon.Bip01_R_Finger2" rotation
$BoneSaveFrame "v_weapon.Bip01_R_Finger21" rotation
$BoneSaveFrame "v_weapon.Bip01_R_Finger22" rotation
$BoneSaveFrame "v_weapon.Bip01_R_Finger3" rotation
$BoneSaveFrame "v_weapon.Bip01_R_Finger31" rotation
$BoneSaveFrame "v_weapon.Bip01_R_Finger32" rotation
$BoneSaveFrame "v_weapon.Bip01_R_Finger4" rotation
$BoneSaveFrame "v_weapon.Bip01_R_Finger41" rotation
$BoneSaveFrame "v_weapon.Bip01_R_Finger42" rotation
$BoneSaveFrame "FvARM-bone" rotation
$BoneSaveFrame "FvARM-bone Pelvis" position rotation
$BoneSaveFrame "FvARM-bone Spine" rotation
$BoneSaveFrame "FvARM-bone Spine1" position rotation
$BoneSaveFrame "FvARM-bone Neck" rotation
$BoneSaveFrame "FvARM-bone L Clavicle" position rotation
$BoneSaveFrame "FvARM-bone L UpperArm" position rotation
$BoneSaveFrame "FvARM-bone L ForeArm" position rotation
$BoneSaveFrame "FvARM-bone L Hand" position rotation
$BoneSaveFrame "FvARM-bone L Finger0" position rotation
$BoneSaveFrame "FvARM-bone L Finger01" position rotation
$BoneSaveFrame "FvARM-bone L Finger02" position rotation
$BoneSaveFrame "FvARM-bone L Finger1" position rotation
$BoneSaveFrame "FvARM-bone L Finger11" position rotation
$BoneSaveFrame "FvARM-bone L Finger12" position rotation
$BoneSaveFrame "FvARM-bone L Finger2" position rotation
$BoneSaveFrame "FvARM-bone L Finger21" position rotation
$BoneSaveFrame "FvARM-bone L Finger22" position rotation
$BoneSaveFrame "FvARM-bone L Finger3" position rotation
$BoneSaveFrame "FvARM-bone L Finger31" position rotation
$BoneSaveFrame "FvARM-bone L Finger32" position rotation
$BoneSaveFrame "FvARM-bone L Finger4" position rotation
$BoneSaveFrame "FvARM-bone L Finger41" position rotation
$BoneSaveFrame "FvARM-bone L Finger42" position rotation
$BoneSaveFrame "FvARM-bone L ForeTwist" position rotation
$BoneSaveFrame "FvARM-bone R Clavicle" rotation
$BoneSaveFrame "FvARM-bone R UpperArm" position rotation
$BoneSaveFrame "FvARM-bone R ForeArm" position rotation
$BoneSaveFrame "FvARM-bone R Hand" position rotation
$BoneSaveFrame "FvARM-bone R Finger0" position rotation
$BoneSaveFrame "FvARM-bone R Finger01" position rotation
$BoneSaveFrame "FvARM-bone R Finger02" position rotation
$BoneSaveFrame "FvARM-bone R Finger1" position rotation
$BoneSaveFrame "FvARM-bone R Finger11" position rotation
$BoneSaveFrame "FvARM-bone R Finger12" position rotation
$BoneSaveFrame "FvARM-bone R Finger2" position rotation
$BoneSaveFrame "FvARM-bone R Finger21" position rotation
$BoneSaveFrame "FvARM-bone R Finger22" position rotation
$BoneSaveFrame "FvARM-bone R Finger3" position rotation
$BoneSaveFrame "FvARM-bone R Finger31" position rotation
$BoneSaveFrame "FvARM-bone R Finger32" position rotation
$BoneSaveFrame "FvARM-bone R Finger4" position rotation
$BoneSaveFrame "FvARM-bone R Finger41" position rotation
$BoneSaveFrame "FvARM-bone R Finger42" position rotation
$BoneSaveFrame "FvARM-bone R ForeTwist" position rotation
$BoneSaveFrame "Box001" position rotation
$BoneSaveFrame "Box003" position rotation
$BoneSaveFrame "Box007" position rotation
$BoneSaveFrame "Box006" position rotation
$BoneSaveFrame "Box005" position rotation
$BoneSaveFrame "Box004" position rotation
$BoneSaveFrame "Box008" position rotation
$BoneSaveFrame "Box009" position rotation
$BoneSaveFrame "v_weapon.flash" rotation
$BoneSaveFrame "v_weapon.shelleject" rotation
$BoneSaveFrame "v_weapon.stattrack" rotation
$BoneSaveFrame "v_weapon.uid" rotation
$BoneSaveFrame "v_weapon.glock_Parent" rotation
$BoneSaveFrame "v_weapon.glock_Slide" rotation
$BoneSaveFrame "v_weapon.glock_Trigger" rotation
$BoneSaveFrame "v_weapon.glock_Clip" rotation
animations  139368 bytes (8 anims) (666 frames) [0:06]
sequences     3204 bytes (8 seq) 
hdr@057BF13C=78EE0200
ik/pose        164 bytes
eyeballs         0 bytes (0 eyeballs)
flexes           0 bytes (0 flexes)
hdr@057BF13C=78EE0200
textures       532 bytes
keyvalues      120 bytes
hdr@057BF134=78EE0398
hdr@057BF13C=78EE0200
bone transforms    14888 bytes
bone flex driver       0 bytes
bodygroup presets       0 bytes
collision        0 bytes
total       189648
---------------------
writing models/weapons\v_pist_glock18.ani:
blocks	         3
total        53108
---------------------
writing D:\project\cf_to_csgo\work\cop357_snowfox\native_vm\isolated_game\csgo\models/weapons\v_pist_glock18.vvd:
vertices    706896 bytes (14727 vertices)
tangents    235632 bytes (14727 vertices)
total       942592 bytes
---------------------
Generating optimized mesh "D:\project\cf_to_csgo\work\cop357_snowfox\native_vm\isolated_game\csgo\models/weapons\v_pist_glock18.sw.vtx":
body parts:         8 bytes
models:            20 bytes
model LODs:        12 bytes
meshes:            72 bytes
strip groups:     264 bytes
strips:           280 bytes
verts:         132543 bytes
indices:        93060 bytes
bone changes:       8 bytes
everything:    226291 bytes
---------------------
Generating optimized mesh "D:\project\cf_to_csgo\work\cop357_snowfox\native_vm\isolated_game\csgo\models/weapons\v_pist_glock18.dx80.vtx":
body parts:         8 bytes
models:            20 bytes
model LODs:        12 bytes
meshes:            72 bytes
strip groups:     264 bytes
strips:           350 bytes
verts:         132597 bytes
indices:        93060 bytes
bone changes:     728 bytes
everything:    227135 bytes
---------------------
Generating optimized mesh "D:\project\cf_to_csgo\work\cop357_snowfox\native_vm\isolated_game\csgo\models/weapons\v_pist_glock18.dx90.vtx":
body parts:         8 bytes
models:            20 bytes
model LODs:        12 bytes
meshes:            72 bytes
strip groups:     264 bytes
strips:           280 bytes
verts:         132543 bytes
indices:        93060 bytes
bone changes:     680 bytes
everything:    226963 bytes
Error opening D:\project\cf_to_csgo\work\cop357_snowfox\native_vm\isolated_game\csgo\models/weapons\v_pist_glock18.vvd! (Check for write enable)

ERROR: 'EXCEPTION_ACCESS_VIOLATION' (assert: 1)
ERROR: Aborted Processing on 'weapons\v_pist_glock18.mdl'
