WARNING: AppFramework : Unable to load module p4lib.dll!
qdir:    "d:\project\cf_to_csgo\work\galil_ace_tianxi\native_vm\source1\"
gamedir: "D:\project\cf_to_csgo\work\galil_ace_tianxi\native_vm\isolated_game\csgo\"
g_path:  "D:\project\cf_to_csgo\work\galil_ace_tianxi\native_vm\source1\v_rif_galilar.qc"
Building binary model files...
Working on "v_rif_galilar.qc"
SMD MODEL cf_native_vm.smd
SMD MODEL v_rif_galilar_anims\idle.smd
SMD MODEL v_rif_galilar_anims\fire1.smd
SMD MODEL v_rif_galilar_anims\fire2.smd
SMD MODEL v_rif_galilar_anims\fire3.smd
SMD MODEL v_rif_galilar_anims\reload.smd
SMD MODEL v_rif_galilar_anims\draw.smd
SMD MODEL v_rif_galilar_anims\lookat01.smd
SMD MODEL v_rif_galilar_anims\lookat01_prepare.smd
SMD MODEL v_rif_galilar_anims\lookat01_loop.smd
WARNING: model has too many verts (23093/21845), cutting into multiple models
Processing LOD for material: cf_galilace_pb
Processing LOD for material: cf_nini_hand_gr
Processing LOD for material: cf_nini_arm_gr
Processing LOD for material: fx_galilace_l_flow_front
Processing LOD for material: fx_galilace_l_flow_front_copy
Processing LOD for material: fx_galilace_l_flow_back
Processing LOD for material: fx_galilace_parts_blue
Processing LOD for material: fx_galilace_parts_red
Processing LOD for material: fx_galilace_tragl_l
Processing LOD for material: fx_galilace_tragl_r
Processing LOD for material: fx_galilace_simbol
Processing LOD for material: fx_galilace_simbol_glow
Processing LOD for material: fx_galilace_glitch
Processing LOD for material: cf_galilace_pb
Processing LOD for material: cf_nini_hand_gr
Processing LOD for material: cf_nini_arm_gr
Processing LOD for material: fx_galilace_l_flow_front
Processing LOD for material: fx_galilace_l_flow_front_copy
Processing LOD for material: fx_galilace_l_flow_back
Processing LOD for material: fx_galilace_parts_blue
Processing LOD for material: fx_galilace_parts_red
Processing LOD for material: fx_galilace_tragl_l
Processing LOD for material: fx_galilace_tragl_r
Processing LOD for material: fx_galilace_simbol
Processing LOD for material: fx_galilace_simbol_glow
Processing LOD for material: fx_galilace_glitch
---------------------
writing D:\project\cf_to_csgo\work\galil_ace_tianxi\native_vm\isolated_game\csgo\models/weapons\v_rif_galilar.mdl:
Loading preexisting model: D:\project\cf_to_csgo\work\galil_ace_tianxi\native_vm\isolated_game\csgo\models/weapons\v_rif_galilar.mdl
   Found 9 preexisting sequences.
bones        30432 bytes (117)
   animation       x       y       ips    angle
$BoneSaveFrame "v_weapon" position rotation
$BoneSaveFrame "v_weapon.Bip01" rotation
$BoneSaveFrame "v_weapon.Bip01_Pelvis" rotation
$BoneSaveFrame "v_weapon.Bip01_Spine" rotation
$BoneSaveFrame "v_weapon.Bip01_Spine1" rotation
$BoneSaveFrame "v_weapon.Bip01_Spine2" rotation
$BoneSaveFrame "v_weapon.Bip01_Spine3" rotation
$BoneSaveFrame "v_weapon.Bip01_Neck" rotation
$BoneSaveFrame "v_weapon.Bip01_L_Clavicle" rotation
$BoneSaveFrame "v_weapon.Bip01_L_UpperArm" rotation
$BoneSaveFrame "v_weapon.Bip01_L_Forearm" rotation
$BoneSaveFrame "v_weapon.Bip01_L_Hand" rotation
$BoneSaveFrame "v_weapon.Bip01_L_ForeTwist" rotation
$BoneSaveFrame "v_weapon.Bip01_R_Clavicle" rotation
$BoneSaveFrame "v_weapon.Bip01_R_UpperArm" rotation
$BoneSaveFrame "v_weapon.Bip01_R_Forearm" rotation
$BoneSaveFrame "v_weapon.Bip01_R_Hand" rotation
$BoneSaveFrame "v_weapon.Bip01_R_ForeTwist" rotation
$BoneSaveFrame "v_weapon.Bip01_L_Finger0" rotation
$BoneSaveFrame "v_weapon.Bip01_L_Finger01" rotation
$BoneSaveFrame "v_weapon.Bip01_L_Finger02" rotation
$BoneSaveFrame "v_weapon.Bip01_L_Finger1" rotation
$BoneSaveFrame "v_weapon.Bip01_L_Finger11" rotation
$BoneSaveFrame "v_weapon.Bip01_L_Finger12" rotation
$BoneSaveFrame "v_weapon.Bip01_L_Finger2" rotation
$BoneSaveFrame "v_weapon.Bip01_L_Finger21" rotation
$BoneSaveFrame "v_weapon.Bip01_L_Finger22" rotation
$BoneSaveFrame "v_weapon.Bip01_L_Finger3" rotation
$BoneSaveFrame "v_weapon.Bip01_L_Finger31" rotation
$BoneSaveFrame "v_weapon.Bip01_L_Finger32" rotation
$BoneSaveFrame "v_weapon.Bip01_L_Finger4" rotation
$BoneSaveFrame "v_weapon.Bip01_L_Finger41" rotation
$BoneSaveFrame "v_weapon.Bip01_L_Finger42" rotation
$BoneSaveFrame "v_weapon.Bip01_R_Finger0" rotation
$BoneSaveFrame "v_weapon.Bip01_R_Finger01" rotation
$BoneSaveFrame "v_weapon.Bip01_R_Finger02" rotation
$BoneSaveFrame "v_weapon.Bip01_R_Finger1" rotation
$BoneSaveFrame "v_weapon.Bip01_R_Finger11" rotation
$BoneSaveFrame "v_weapon.Bip01_R_Finger12" rotation
$BoneSaveFrame "v_weapon.Bip01_R_Finger2" rotation
$BoneSaveFrame "v_weapon.Bip01_R_Finger21" rotation
$BoneSaveFrame "v_weapon.Bip01_R_Finger22" rotation
$BoneSaveFrame "v_weapon.Bip01_R_Finger3" rotation
$BoneSaveFrame "v_weapon.Bip01_R_Finger31" rotation
$BoneSaveFrame "v_weapon.Bip01_R_Finger32" rotation
$BoneSaveFrame "v_weapon.Bip01_R_Finger4" rotation
$BoneSaveFrame "v_weapon.Bip01_R_Finger41" rotation
$BoneSaveFrame "v_weapon.Bip01_R_Finger42" rotation
$BoneSaveFrame "FvARM-bone" position rotation
$BoneSaveFrame "FvARM-bone Pelvis" position rotation
$BoneSaveFrame "FvARM-bone Spine" rotation
$BoneSaveFrame "FvARM-bone Spine1" position rotation
$BoneSaveFrame "FvARM-bone Neck" rotation
$BoneSaveFrame "FvARM-bone L Clavicle" position rotation
$BoneSaveFrame "FvARM-bone L UpperArm" position rotation
$BoneSaveFrame "FvARM-bone L ForeArm" position rotation
$BoneSaveFrame "FvARM-bone L Hand" position rotation
$BoneSaveFrame "FvARM-bone L Finger0" position rotation
$BoneSaveFrame "FvARM-bone L Finger01" position rotation
$BoneSaveFrame "FvARM-bone L Finger02" position rotation
$BoneSaveFrame "FvARM-bone L Finger1" position rotation
$BoneSaveFrame "FvARM-bone L Finger11" position rotation
$BoneSaveFrame "FvARM-bone L Finger12" position rotation
$BoneSaveFrame "FvARM-bone L Finger2" position rotation
$BoneSaveFrame "FvARM-bone L Finger21" position rotation
$BoneSaveFrame "FvARM-bone L Finger22" position rotation
$BoneSaveFrame "FvARM-bone L Finger3" position rotation
$BoneSaveFrame "FvARM-bone L Finger31" position rotation
$BoneSaveFrame "FvARM-bone L Finger32" position rotation
$BoneSaveFrame "FvARM-bone L Finger4" position rotation
$BoneSaveFrame "FvARM-bone L Finger41" position rotation
$BoneSaveFrame "FvARM-bone L Finger42" position rotation
$BoneSaveFrame "FvARM-bone L ForeTwist" position rotation
$BoneSaveFrame "FvARM-bone R Clavicle" position rotation
$BoneSaveFrame "FvARM-bone R UpperArm" position rotation
$BoneSaveFrame "FvARM-bone R ForeArm" position rotation
$BoneSaveFrame "FvARM-bone R Hand" position rotation
$BoneSaveFrame "FvARM-bone R Finger0" position rotation
$BoneSaveFrame "FvARM-bone R Finger01" position rotation
$BoneSaveFrame "FvARM-bone R Finger02" position rotation
$BoneSaveFrame "FvARM-bone R Finger1" position rotation
$BoneSaveFrame "FvARM-bone R Finger11" position rotation
$BoneSaveFrame "FvARM-bone R Finger12" position rotation
$BoneSaveFrame "FvARM-bone R Finger2" position rotation
$BoneSaveFrame "FvARM-bone R Finger21" position rotation
$BoneSaveFrame "FvARM-bone R Finger22" position rotation
$BoneSaveFrame "FvARM-bone R Finger3" position rotation
$BoneSaveFrame "FvARM-bone R Finger31" position rotation
$BoneSaveFrame "FvARM-bone R Finger32" position rotation
$BoneSaveFrame "FvARM-bone R Finger4" position rotation
$BoneSaveFrame "FvARM-bone R Finger41" position rotation
$BoneSaveFrame "FvARM-bone R Finger42" position rotation
$BoneSaveFrame "FvARM-bone R ForeTwist" position rotation
$BoneSaveFrame "Box001" position rotation
$BoneSaveFrame "Dummy004" position rotation
$BoneSaveFrame "Dummy005" rotation // (0.33)
$BoneSaveFrame "Mag_Dummy" position rotation
$BoneSaveFrame "Dummy001" position rotation
$BoneSaveFrame "Dummy002" position rotation
$BoneSaveFrame "Dummy003" position rotation
$BoneSaveFrame "Dummy006" position rotation
$BoneSaveFrame "Dummy007" position rotation
$BoneSaveFrame "Dummy008" position rotation
$BoneSaveFrame "v_weapon.flash" rotation
$BoneSaveFrame "v_weapon.shelleject" rotation
$BoneSaveFrame "v_weapon.stattrack" rotation
$BoneSaveFrame "v_weapon.uid" rotation
$BoneSaveFrame "v_weapon.galilar_parent" rotation
$BoneSaveFrame "fx_fix_effect_3" rotation
$BoneSaveFrame "fx_fix_effect_5" rotation
$BoneSaveFrame "fx_fix_effect_15" rotation
$BoneSaveFrame "fx_fix_effect_16" rotation
$BoneSaveFrame "fx_fix_effect_34" rotation
$BoneSaveFrame "fx_fix_effect_9" rotation
$BoneSaveFrame "fx_fix_effect_10" rotation
$BoneSaveFrame "fx_fix_effect_11" rotation
$BoneSaveFrame "fx_fix_effect_23" rotation
animations  202400 bytes (9 anims) (1294 frames) [0:12]
Building sequence index remapping table...
No re-ordering required.
sequences     4012 bytes (9 seq) 
hdr@05F7F35C=77840200
ik/pose        328 bytes
eyeballs         0 bytes (0 eyeballs)
flexes           0 bytes (0 flexes)
eyeballs         0 bytes (0 eyeballs)
flexes           0 bytes (0 flexes)
hdr@05F7F35C=77840200
textures       868 bytes
keyvalues      236 bytes
hdr@05F7F354=77840398
hdr@05F7F35C=77840200
bone transforms    15976 bytes
bone flex driver       0 bytes
bodygroup presets       0 bytes
collision        0 bytes
total       260568
---------------------
writing models/weapons\v_rif_galilar.ani:
blocks	        15
total       352992
---------------------
writing D:\project\cf_to_csgo\work\galil_ace_tianxi\native_vm\isolated_game\csgo\models/weapons\v_rif_galilar.vvd:
vertices   1048464 bytes (21843 vertices)
vertices     62016 bytes (1292 vertices)
tangents    349488 bytes (21843 vertices)
tangents     20672 bytes (1292 vertices)
total      1480704 bytes
---------------------
Generating optimized mesh "D:\project\cf_to_csgo\work\galil_ace_tianxi\native_vm\isolated_game\csgo\models/weapons\v_rif_galilar.sw.vtx":
body parts:        16 bytes
models:            40 bytes
model LODs:        24 bytes
meshes:           234 bytes
strip groups:     462 bytes
strips:           490 bytes
verts:         208215 bytes
indices:       145008 bytes
bone changes:       8 bytes
everything:    354509 bytes
---------------------
Generating optimized mesh "D:\project\cf_to_csgo\work\galil_ace_tianxi\native_vm\isolated_game\csgo\models/weapons\v_rif_galilar.dx80.vtx":
body parts:        16 bytes
models:            40 bytes
model LODs:        24 bytes
meshes:           234 bytes
strip groups:     462 bytes
strips:           560 bytes
verts:         208269 bytes
indices:       145008 bytes
bone changes:     600 bytes
everything:    355225 bytes
---------------------
Generating optimized mesh "D:\project\cf_to_csgo\work\galil_ace_tianxi\native_vm\isolated_game\csgo\models/weapons\v_rif_galilar.dx90.vtx":
body parts:        16 bytes
models:            40 bytes
model LODs:        24 bytes
meshes:           234 bytes
strip groups:     462 bytes
strips:           490 bytes
verts:         208215 bytes
indices:       145008 bytes
bone changes:     552 bytes
everything:    355053 bytes
WARNING: ConVarRef r_staticlight_streams doesn't point to an existing ConVar
WARNING: ConVarRef r_staticlight_streams_indirect_only doesn't point to an existing ConVar

Completed "v_rif_galilar.qc"
