WARNING: AppFramework : Unable to load module p4lib.dll!
qdir:    "d:\project\cf_to_csgo\work\p5_leishen\p7_s04\source1\"
gamedir: "D:\project\cf_to_csgo\work\p5_leishen\p7_s04\isolated_game\csgo\"
g_path:  "D:\project\cf_to_csgo\work\p5_leishen\p7_s04\source1\v_rif_m4a1.qc"
Building binary model files...
Working on "v_rif_m4a1.qc"
SMD MODEL cf_leishen_m4a4.smd
SMD MODEL v_rif_m4a1_anims\idle.smd
SMD MODEL v_rif_m4a1_anims\shoot1.smd
SMD MODEL v_rif_m4a1_anims\shoot2.smd
SMD MODEL v_rif_m4a1_anims\shoot3.smd
SMD MODEL v_rif_m4a1_anims\reload.smd
SMD MODEL v_rif_m4a1_anims\draw.smd
SMD MODEL v_rif_m4a1_anims\lookat01.smd
SMD MODEL v_rif_m4a1_anims\lookat01_prepare.smd
SMD MODEL v_rif_m4a1_anims\lookat01_loop.smd
Processing LOD for material: rif_m4a1
---------------------
writing D:\project\cf_to_csgo\work\p5_leishen\p7_s04\isolated_game\csgo\models/weapons\v_rif_m4a1.mdl:
Loading preexisting model: D:\project\cf_to_csgo\work\p5_leishen\p7_s04\isolated_game\csgo\models/weapons\v_rif_m4a1.mdl
   Found 9 preexisting sequences.
bones        13504 bytes (57)
   animation       x       y       ips    angle
animations   60600 bytes (9 anims) (462 frames) [0:15]
Building sequence index remapping table...
No re-ordering required.
sequences     3612 bytes (9 seq) 
hdr@0597F504=78CC0200
ik/pose        164 bytes
eyeballs         0 bytes (0 eyeballs)
flexes           0 bytes (0 flexes)
hdr@0597F504=78CC0200
textures        72 bytes
keyvalues      172 bytes
hdr@0597F4FC=78CC0398
hdr@0597F504=78CC0200
bone transforms     7816 bytes
bone flex driver       0 bytes
bodygroup presets       0 bytes
collision        0 bytes
total        87856
---------------------
writing models/weapons\v_rif_m4a1.ani:
blocks	         3
total        39360
---------------------
writing D:\project\cf_to_csgo\work\p5_leishen\p7_s04\isolated_game\csgo\models/weapons\v_rif_m4a1.vvd:
vertices    147600 bytes (3075 vertices)
tangents     49200 bytes (3075 vertices)
total       196864 bytes
---------------------
Generating optimized mesh "D:\project\cf_to_csgo\work\p5_leishen\p7_s04\isolated_game\csgo\models/weapons\v_rif_m4a1.sw.vtx":
body parts:         8 bytes
models:            20 bytes
model LODs:        12 bytes
meshes:             9 bytes
strip groups:      33 bytes
strips:            35 bytes
verts:          27675 bytes
indices:        23496 bytes
bone changes:       8 bytes
everything:     51320 bytes
---------------------
Generating optimized mesh "D:\project\cf_to_csgo\work\p5_leishen\p7_s04\isolated_game\csgo\models/weapons\v_rif_m4a1.dx80.vtx":
body parts:         8 bytes
models:            20 bytes
model LODs:        12 bytes
meshes:             9 bytes
strip groups:      33 bytes
strips:            35 bytes
verts:          27675 bytes
indices:        23496 bytes
bone changes:      32 bytes
everything:     51344 bytes
---------------------
Generating optimized mesh "D:\project\cf_to_csgo\work\p5_leishen\p7_s04\isolated_game\csgo\models/weapons\v_rif_m4a1.dx90.vtx":
body parts:         8 bytes
models:            20 bytes
model LODs:        12 bytes
meshes:             9 bytes
strip groups:      33 bytes
strips:            35 bytes
verts:          27675 bytes
indices:        23496 bytes
bone changes:      32 bytes
everything:     51344 bytes
WARNING: ConVarRef r_staticlight_streams doesn't point to an existing ConVar
WARNING: ConVarRef r_staticlight_streams_indirect_only doesn't point to an existing ConVar

Completed "v_rif_m4a1.qc"
