[18:19:28] [INFO] 项目根：D:\project\cf_to_csgo
[18:19:28] [INFO] 沙盒目录：D:\project\cf_to_csgo\data\tmp\20260822_181928
[18:19:28] [====] ============================================================
[18:19:28] [====] L0 环境自检
[18:19:28] [====] ============================================================
[18:19:28] [INFO] Python 3.14.6  (C:\Users\Administrator\AppData\Local\Python\pythoncore-3.14-64\python.exe)
[18:19:28] [PASS] ffmpeg 可用（package_tts_migi / convert_audio 依赖）
[18:19:28] [PASS] vgmstream-cli.exe 存在：D:\project\cf_to_csgo\tools\vgmstream\vgmstream-cli.exe
[18:19:28] [PASS] vpk 库可导入（unpack_vpk_voices 依赖）
[18:19:28] [PASS] CF 目录存在：D:\Program Files\CF(2)
[18:19:28] [PASS] CS:GO 游戏目录存在：D:\steam\steamapps\common\csgo legacy
[18:19:28] [====] ============================================================
[18:19:28] [====] L1 脚本语法检查
[18:19:28] [====] ============================================================
[18:19:28] [PASS] 语法 OK：scripts\_paths.py
[18:19:28] [PASS] 语法 OK：scripts\audio_clean\categorize_voices.py
[18:19:28] [PASS] 语法 OK：scripts\audio_clean\clean_wavs.py
[18:19:28] [PASS] 语法 OK：scripts\cf_extract\extract_all.py
[18:19:28] [PASS] 语法 OK：scripts\cf_extract\extract_fmod.py
[18:19:28] [PASS] 语法 OK：scripts\cf_ltb\apply_c3_fixed_transform.py
[18:19:28] [PASS] 语法 OK：scripts\cf_ltb\blender_mcp_call.py
[18:19:28] [PASS] 语法 OK：scripts\cf_ltb\build_c2_skeleton_plan.py
[18:19:28] [PASS] 语法 OK：scripts\cf_ltb\build_c3_alignment.py
[18:19:28] [PASS] 语法 OK：scripts\cf_ltb\build_c3_blender_scene.py
[18:19:28] [PASS] 语法 OK：scripts\cf_ltb\build_d1_blender_scene.py
[18:19:28] [PASS] 语法 OK：scripts\cf_ltb\build_d2_preflight_report.py
[18:19:28] [PASS] 语法 OK：scripts\cf_ltb\build_leishen_alignment.py
[18:19:28] [PASS] 语法 OK：scripts\cf_ltb\evaluate_b2_routes.py
[18:19:28] [PASS] 语法 OK：scripts\cf_ltb\split_c1_meshes.py
[18:19:28] [PASS] 语法 OK：scripts\cf_ltb\validate_b3_obj_roundtrip.py
[18:19:28] [PASS] 语法 OK：scripts\cf_ltb\validate_c1_mesh_map.py
[18:19:28] [PASS] 语法 OK：scripts\cf_ltb\validate_d1_scene.py
[18:19:28] [PASS] 语法 OK：scripts\cf_ltb\validate_d2_report.py
[18:19:28] [PASS] 语法 OK：scripts\csgo_pack\build_custom_inspect.py
[18:19:28] [PASS] 语法 OK：scripts\csgo_pack\build_d3_m4a4_r1.py
[18:19:28] [PASS] 语法 OK：scripts\csgo_pack\build_m4a1_s_reference.py
[18:19:28] [PASS] 语法 OK：scripts\csgo_pack\compile_m4a1_s_roundtrip.py
[18:19:28] [PASS] 语法 OK：scripts\csgo_pack\convert_audio.py
[18:19:28] [PASS] 语法 OK：scripts\csgo_pack\convert_obj_to_smd.py
[18:19:28] [PASS] 语法 OK：scripts\csgo_pack\deploy_cf_ak47_beast_migi.py
[18:19:28] [PASS] 语法 OK：scripts\csgo_pack\deploy_cf_m4a1_bornbeast_migi.py
[18:19:28] [PASS] 语法 OK：scripts\csgo_pack\deploy_tts_voices.py
[18:19:28] [PASS] 语法 OK：scripts\csgo_pack\extract_m4a1_s_reference.py
[18:19:28] [PASS] 语法 OK：scripts\csgo_pack\extract_m4a4_reference.py
[18:19:28] [PASS] 语法 OK：scripts\csgo_pack\fix_planting_voices.py
[18:19:28] [PASS] 语法 OK：scripts\csgo_pack\freeze_legacy_attempt.py
[18:19:28] [PASS] 语法 OK：scripts\csgo_pack\package_tts_migi.py
[18:19:28] [PASS] 语法 OK：scripts\csgo_pack\parse_vpk.py
[18:19:28] [PASS] 语法 OK：scripts\csgo_pack\report_m4a1_s_reference.py
[18:19:28] [PASS] 语法 OK：scripts\csgo_pack\unpack_vpk_voices.py
[18:19:28] [PASS] 语法 OK：scripts\gsi\gsi_voice_bot.py
[18:19:28] [PASS] 语法 OK：scripts\gsi\gsi_voice_bot_debug.py
[18:19:28] [PASS] 语法 OK：scripts\material_recovery\n01_phase0_gate.py
[18:19:28] [PASS] 语法 OK：scripts\material_recovery\n01_phase1_consumer_search.py
[18:19:28] [PASS] 语法 OK：scripts\material_recovery\n01_phase1_to_phase5_runner.py
[18:19:28] [PASS] 语法 OK：scripts\material_recovery\p4m01_cfg_reverse.py
[18:19:28] [PASS] 语法 OK：scripts\material_recovery\p4m01_closure.py
[18:19:28] [PASS] 语法 OK：scripts\material_recovery\p4m01_dtx_validate.py
[18:19:28] [PASS] 语法 OK：scripts\material_recovery\p4m01_inventory_binding.py
[18:19:28] [PASS] 语法 OK：scripts\material_recovery\p4m01_shader_hypotheses.py
[18:19:28] [PASS] 语法 OK：scripts\material_recovery\p4m01_tga_decode.py
[18:19:28] [PASS] 语法 OK：scripts\material_recovery\p4m01_tga_validate.py
[18:19:28] [PASS] 语法 OK：scripts\material_recovery\p4m01_variant_diff.py
[18:19:28] [PASS] 语法 OK：scripts\material_recovery\r1_cfg_reverse.py
[18:19:28] [PASS] 语法 OK：scripts\material_recovery\r1_dtx_revalidate.py
[18:19:28] [PASS] 语法 OK：scripts\material_recovery\r1_material_binding.py
[18:19:28] [PASS] 语法 OK：scripts\material_recovery\r1_shader_closure.py
[18:19:28] [PASS] 语法 OK：scripts\material_recovery\r1_stage2_binding.py
[18:19:28] [PASS] 语法 OK：scripts\material_recovery\r1_tga_repair.py
[18:19:28] [PASS] 语法 OK：scripts\p5\p5_t01_scan.py
[18:19:28] [PASS] 语法 OK：scripts\p5\p5_t02_narrow_and_render.py
[18:19:28] [PASS] 语法 OK：scripts\p5\p5_t02_shader_probe.py
[18:19:28] [PASS] 语法 OK：scripts\p5\p5_t02_texture_probe.py
[18:19:28] [PASS] 语法 OK：scripts\weapon_port\audit_bornbeast_materials.py
[18:19:28] [PASS] 语法 OK：scripts\weapon_port\build_f1_m4a4_material_debug.py
[18:19:28] [PASS] 语法 OK：scripts\weapon_port\build_f3_m4a4_base_phong.py
[18:19:28] [PASS] 语法 OK：scripts\weapon_port\build_f4_m4a4_recognizable_classic.py
[18:19:28] [PASS] 语法 OK：scripts\weapon_port\build_p6_final_materials.py
[18:19:28] [PASS] 语法 OK：scripts\weapon_port\build_visual_comparison_sheet.py
[18:19:28] [PASS] 语法 OK：scripts\weapon_port\decode_bornbeast_materials.py
[18:19:28] [PASS] 语法 OK：scripts\weapon_port\extract_goldsrc_mdl_textures.py
[18:19:28] [PASS] 语法 OK：scripts\weapon_port\generate_baseline_inventory.py
[18:19:28] [PASS] 语法 OK：scripts\weapon_port\make_bornbeast_true_blue.py
[18:19:28] [PASS] 语法 OK：scripts\weapon_port\pipeline.py
[18:19:28] [PASS] 语法 OK：scripts\weapon_port\port_real_leishen.py
[18:19:28] [PASS] 语法 OK：scripts\weapon_port\render_3d_comparison.py
[18:19:28] [PASS] 语法 OK：scripts\weapon_port\render_all_m4_candidates.py
[18:19:28] [PASS] 语法 OK：scripts\weapon_port\render_true_leishen.py
[18:19:28] [PASS] 语法 OK：scripts\weapon_port\run_p4_t07.py
[18:19:28] [PASS] 语法 OK：scripts\weapon_port\scan_p5_assets.py
[18:19:28] [PASS] 语法 OK：scripts\weapon_port\validate_manifest_contract.py
[18:19:28] [PASS] 语法 OK：scripts\weapon_port\validate_materials.py
[18:19:28] [PASS] 语法 OK：scripts\weapon_port\validate_p4_t05.py
[18:19:28] [INFO] 共检查 79 个脚本
[18:19:28] [====] ============================================================
[18:19:28] [====] L2 沙盒冒烟
[18:19:28] [====] ============================================================
[18:19:28] [PASS] audio_clean/clean_wavs.py 冒烟通过
[18:19:28] [PASS] audio_clean/categorize_voices.py 冒烟通过
[18:19:29] [PASS] csgo_pack/parse_vpk.py 冒烟通过
[18:19:29] [PASS] csgo_pack/unpack_vpk_voices.py 冒烟通过
[18:19:29] [PASS] csgo_pack/package_tts_migi.py 冒烟通过
[18:19:29] [PASS] cf_extract/extract_all.py 冒烟通过
[18:19:29] [PASS] cf_extract/extract_fmod.py 冒烟通过
[18:19:29] [PASS] csgo_pack/convert_audio.py 冒烟通过
[18:19:29] [PASS] csgo_pack/fix_planting_voices.py 冒烟通过
[18:19:29] [PASS] gsi/gsi_voice_bot.py 模块可加载
[18:19:30] [PASS] gsi/gsi_voice_bot_debug.py 模块可加载
[18:19:30] [INFO] 沙盒已清理，只保留日志。
[18:19:30] [INFO] 日志已写入：D:\project\cf_to_csgo\logs\20260822_181928_smoke.log
[18:19:30] [SUMMARY] 通过 95 / 失败 0 / 跳过 0 / 警告 0（共 95 项）
