[00:55:38] [INFO] 项目根：D:\project\cf_to_csgo
[00:55:38] [INFO] 沙盒目录：D:\project\cf_to_csgo\data\tmp\20260817_005538
[00:55:38] [====] ============================================================
[00:55:38] [====] L0 环境自检
[00:55:38] [====] ============================================================
[00:55:38] [INFO] Python 3.14.6  (C:\Users\Administrator\AppData\Local\Python\pythoncore-3.14-64\python.exe)
[00:55:38] [PASS] ffmpeg 可用（package_tts_migi / convert_audio 依赖）
[00:55:38] [PASS] vgmstream-cli.exe 存在：D:\project\cf_to_csgo\tools\vgmstream\vgmstream-cli.exe
[00:55:38] [PASS] vpk 库可导入（unpack_vpk_voices 依赖）
[00:55:38] [PASS] CF 目录存在：D:\Program Files\CF(2)
[00:55:38] [PASS] CS:GO 游戏目录存在：D:\steam\steamapps\common\csgo legacy
[00:55:38] [====] ============================================================
[00:55:38] [====] L1 脚本语法检查
[00:55:38] [====] ============================================================
[00:55:38] [PASS] 语法 OK：scripts\_paths.py
[00:55:38] [PASS] 语法 OK：scripts\audio_clean\categorize_voices.py
[00:55:38] [PASS] 语法 OK：scripts\audio_clean\clean_wavs.py
[00:55:38] [PASS] 语法 OK：scripts\cf_extract\extract_all.py
[00:55:38] [PASS] 语法 OK：scripts\cf_extract\extract_fmod.py
[00:55:38] [PASS] 语法 OK：scripts\csgo_pack\build_custom_inspect.py
[00:55:38] [PASS] 语法 OK：scripts\csgo_pack\convert_audio.py
[00:55:38] [PASS] 语法 OK：scripts\csgo_pack\convert_obj_to_smd.py
[00:55:38] [PASS] 语法 OK：scripts\csgo_pack\deploy_cf_ak47_beast_migi.py
[00:55:38] [PASS] 语法 OK：scripts\csgo_pack\deploy_cf_m4a1_bornbeast_migi.py
[00:55:38] [PASS] 语法 OK：scripts\csgo_pack\deploy_tts_voices.py
[00:55:38] [PASS] 语法 OK：scripts\csgo_pack\fix_planting_voices.py
[00:55:38] [PASS] 语法 OK：scripts\csgo_pack\package_tts_migi.py
[00:55:38] [PASS] 语法 OK：scripts\csgo_pack\parse_vpk.py
[00:55:38] [PASS] 语法 OK：scripts\csgo_pack\unpack_vpk_voices.py
[00:55:38] [PASS] 语法 OK：scripts\gsi\gsi_voice_bot.py
[00:55:38] [PASS] 语法 OK：scripts\gsi\gsi_voice_bot_debug.py
[00:55:38] [INFO] 共检查 17 个脚本
[00:55:38] [====] ============================================================
[00:55:38] [====] L2 沙盒冒烟
[00:55:38] [====] ============================================================
[00:55:38] [PASS] audio_clean/clean_wavs.py 冒烟通过
[00:55:38] [PASS] audio_clean/categorize_voices.py 冒烟通过
[00:55:38] [PASS] csgo_pack/parse_vpk.py 冒烟通过
[00:55:38] [PASS] csgo_pack/unpack_vpk_voices.py 冒烟通过
[00:55:38] [PASS] csgo_pack/package_tts_migi.py 冒烟通过
[00:55:38] [PASS] cf_extract/extract_all.py 冒烟通过
[00:55:38] [PASS] cf_extract/extract_fmod.py 冒烟通过
[00:55:38] [PASS] csgo_pack/convert_audio.py 冒烟通过
[00:55:38] [PASS] csgo_pack/fix_planting_voices.py 冒烟通过
[00:55:38] [PASS] gsi/gsi_voice_bot.py 模块可加载
[00:55:38] [PASS] gsi/gsi_voice_bot_debug.py 模块可加载
[00:55:38] [INFO] 沙盒已清理，只保留日志。
[00:55:38] [INFO] 日志已写入：D:\project\cf_to_csgo\logs\20260817_005538_smoke.log
[00:55:38] [SUMMARY] 通过 33 / 失败 0 / 跳过 0 / 警告 0（共 33 项）
