[15:18:21] [INFO] 项目根：D:\project\cf_to_csgo
[15:18:21] [INFO] 沙盒目录：D:\project\cf_to_csgo\data\tmp\20260816_151821
[15:18:21] [====] ============================================================
[15:18:21] [====] L0 环境自检
[15:18:21] [====] ============================================================
[15:18:21] [INFO] Python 3.14.6  (C:\Users\Administrator\AppData\Local\Python\pythoncore-3.14-64\python.exe)
[15:18:21] [PASS] ffmpeg 可用（package_tts_migi / convert_audio 依赖）
[15:18:21] [PASS] vgmstream-cli.exe 存在：D:\project\cf_to_csgo\tools\vgmstream\vgmstream-cli.exe
[15:18:21] [PASS] vpk 库可导入（unpack_vpk_voices 依赖）
[15:18:21] [PASS] CF 目录存在：D:\Program Files\CF(2)
[15:18:21] [PASS] CS:GO 游戏目录存在：D:\steam\steamapps\common\csgo legacy
[15:18:21] [====] ============================================================
[15:18:21] [====] L1 脚本语法检查
[15:18:21] [====] ============================================================
[15:18:21] [PASS] 语法 OK：scripts\_paths.py
[15:18:21] [PASS] 语法 OK：scripts\audio_clean\categorize_voices.py
[15:18:21] [PASS] 语法 OK：scripts\audio_clean\clean_wavs.py
[15:18:21] [PASS] 语法 OK：scripts\cf_extract\extract_all.py
[15:18:21] [PASS] 语法 OK：scripts\cf_extract\extract_fmod.py
[15:18:21] [PASS] 语法 OK：scripts\csgo_pack\convert_audio.py
[15:18:21] [PASS] 语法 OK：scripts\csgo_pack\fix_planting_voices.py
[15:18:21] [PASS] 语法 OK：scripts\csgo_pack\package_tts_migi.py
[15:18:21] [PASS] 语法 OK：scripts\csgo_pack\parse_vpk.py
[15:18:21] [PASS] 语法 OK：scripts\csgo_pack\unpack_vpk_voices.py
[15:18:21] [PASS] 语法 OK：scripts\gsi\gsi_voice_bot.py
[15:18:21] [PASS] 语法 OK：scripts\gsi\gsi_voice_bot_debug.py
[15:18:21] [INFO] 共检查 12 个脚本
[15:18:21] [====] ============================================================
[15:18:21] [====] L2 沙盒冒烟
[15:18:21] [====] ============================================================
[15:18:21] [PASS] audio_clean/clean_wavs.py 冒烟通过
[15:18:21] [PASS] audio_clean/categorize_voices.py 冒烟通过
[15:18:21] [PASS] csgo_pack/parse_vpk.py 冒烟通过
[15:18:21] [PASS] csgo_pack/unpack_vpk_voices.py 冒烟通过
[15:18:21] [PASS] csgo_pack/package_tts_migi.py 冒烟通过
[15:18:21] [PASS] cf_extract/extract_all.py 冒烟通过
[15:18:21] [PASS] cf_extract/extract_fmod.py 冒烟通过
[15:18:21] [PASS] csgo_pack/convert_audio.py 冒烟通过
[15:18:21] [PASS] csgo_pack/fix_planting_voices.py 冒烟通过
[15:18:21] [PASS] gsi/gsi_voice_bot.py 模块可加载
[15:18:21] [PASS] gsi/gsi_voice_bot_debug.py 模块可加载
[15:18:21] [INFO] 沙盒已清理，只保留日志。
[15:18:21] [INFO] 日志已写入：D:\project\cf_to_csgo\logs\20260816_151821_smoke.log
[15:18:21] [SUMMARY] 通过 28 / 失败 0 / 跳过 0 / 警告 0（共 28 项）
