[00:32:54] [INFO] 项目根：D:\project\cf_to_csgo
[00:32:54] [INFO] 沙盒目录：D:\project\cf_to_csgo\data\tmp\20260819_003254
[00:32:54] [====] ============================================================
[00:32:54] [====] L0 环境自检
[00:32:54] [====] ============================================================
[00:32:54] [INFO] Python 3.14.6  (C:\Users\Administrator\AppData\Local\Python\pythoncore-3.14-64\python.exe)
[00:32:54] [PASS] ffmpeg 可用（package_tts_migi / convert_audio 依赖）
[00:32:54] [PASS] vgmstream-cli.exe 存在：D:\project\cf_to_csgo\tools\vgmstream\vgmstream-cli.exe
[00:32:54] [PASS] vpk 库可导入（unpack_vpk_voices 依赖）
[00:32:54] [PASS] CF 目录存在：D:\Program Files\CF(2)
[00:32:54] [PASS] CS:GO 游戏目录存在：D:\steam\steamapps\common\csgo legacy
[00:32:54] [====] ============================================================
[00:32:54] [====] L1 脚本语法检查
[00:32:54] [====] ============================================================
[00:32:54] [PASS] 语法 OK：scripts\_paths.py
[00:32:54] [PASS] 语法 OK：scripts\audio_clean\categorize_voices.py
[00:32:54] [PASS] 语法 OK：scripts\audio_clean\clean_wavs.py
[00:32:54] [PASS] 语法 OK：scripts\cf_extract\extract_all.py
[00:32:54] [PASS] 语法 OK：scripts\cf_extract\extract_fmod.py
[00:32:54] [PASS] 语法 OK：scripts\cf_ltb\blender_mcp_call.py
[00:32:54] [PASS] 语法 OK：scripts\cf_ltb\build_c2_skeleton_plan.py
[00:32:54] [PASS] 语法 OK：scripts\cf_ltb\build_c3_alignment.py
[00:32:54] [PASS] 语法 OK：scripts\cf_ltb\build_c3_blender_scene.py
[00:32:54] [PASS] 语法 OK：scripts\cf_ltb\build_d1_blender_scene.py
[00:32:54] [PASS] 语法 OK：scripts\cf_ltb\build_d2_preflight_report.py
[00:32:54] [PASS] 语法 OK：scripts\cf_ltb\evaluate_b2_routes.py
[00:32:54] [PASS] 语法 OK：scripts\cf_ltb\split_c1_meshes.py
[00:32:54] [PASS] 语法 OK：scripts\cf_ltb\validate_b3_obj_roundtrip.py
[00:32:54] [PASS] 语法 OK：scripts\cf_ltb\validate_c1_mesh_map.py
[00:32:54] [PASS] 语法 OK：scripts\cf_ltb\validate_d1_scene.py
[00:32:54] [PASS] 语法 OK：scripts\cf_ltb\validate_d2_report.py
[00:32:54] [PASS] 语法 OK：scripts\csgo_pack\build_custom_inspect.py
[00:32:54] [PASS] 语法 OK：scripts\csgo_pack\build_d3_m4a4_r1.py
[00:32:54] [PASS] 语法 OK：scripts\csgo_pack\build_m4a1_s_reference.py
[00:32:54] [PASS] 语法 OK：scripts\csgo_pack\compile_m4a1_s_roundtrip.py
[00:32:54] [PASS] 语法 OK：scripts\csgo_pack\convert_audio.py
[00:32:54] [PASS] 语法 OK：scripts\csgo_pack\convert_obj_to_smd.py
[00:32:54] [PASS] 语法 OK：scripts\csgo_pack\deploy_cf_ak47_beast_migi.py
[00:32:54] [PASS] 语法 OK：scripts\csgo_pack\deploy_cf_m4a1_bornbeast_migi.py
[00:32:54] [PASS] 语法 OK：scripts\csgo_pack\deploy_tts_voices.py
[00:32:54] [PASS] 语法 OK：scripts\csgo_pack\extract_m4a1_s_reference.py
[00:32:54] [PASS] 语法 OK：scripts\csgo_pack\extract_m4a4_reference.py
[00:32:54] [PASS] 语法 OK：scripts\csgo_pack\fix_planting_voices.py
[00:32:54] [PASS] 语法 OK：scripts\csgo_pack\freeze_legacy_attempt.py
[00:32:54] [PASS] 语法 OK：scripts\csgo_pack\package_tts_migi.py
[00:32:54] [PASS] 语法 OK：scripts\csgo_pack\parse_vpk.py
[00:32:54] [PASS] 语法 OK：scripts\csgo_pack\report_m4a1_s_reference.py
[00:32:54] [PASS] 语法 OK：scripts\csgo_pack\unpack_vpk_voices.py
[00:32:54] [PASS] 语法 OK：scripts\gsi\gsi_voice_bot.py
[00:32:54] [PASS] 语法 OK：scripts\gsi\gsi_voice_bot_debug.py
[00:32:54] [PASS] 语法 OK：scripts\weapon_port\audit_bornbeast_materials.py
[00:32:54] [PASS] 语法 OK：scripts\weapon_port\build_f1_m4a4_material_debug.py
[00:32:54] [PASS] 语法 OK：scripts\weapon_port\build_f3_m4a4_base_phong.py
[00:32:54] [PASS] 语法 OK：scripts\weapon_port\build_f4_m4a4_recognizable_classic.py
[00:32:54] [PASS] 语法 OK：scripts\weapon_port\build_p6_final_materials.py
[00:32:54] [PASS] 语法 OK：scripts\weapon_port\decode_bornbeast_materials.py
[00:32:54] [PASS] 语法 OK：scripts\weapon_port\extract_goldsrc_mdl_textures.py
[00:32:54] [PASS] 语法 OK：scripts\weapon_port\pipeline.py
[00:32:54] [PASS] 语法 OK：scripts\weapon_port\scan_p5_assets.py
[00:32:54] [PASS] 语法 OK：scripts\weapon_port\validate_materials.py
[00:32:54] [INFO] 共检查 46 个脚本
[00:32:54] [====] ============================================================
[00:32:54] [====] L2 沙盒冒烟
[00:32:54] [====] ============================================================
[00:32:54] [PASS] audio_clean/clean_wavs.py 冒烟通过
[00:32:54] [PASS] audio_clean/categorize_voices.py 冒烟通过
[00:32:54] [PASS] csgo_pack/parse_vpk.py 冒烟通过
[00:32:54] [PASS] csgo_pack/unpack_vpk_voices.py 冒烟通过
[00:32:54] [PASS] csgo_pack/package_tts_migi.py 冒烟通过
[00:32:54] [PASS] cf_extract/extract_all.py 冒烟通过
[00:32:54] [PASS] cf_extract/extract_fmod.py 冒烟通过
[00:32:54] [PASS] csgo_pack/convert_audio.py 冒烟通过
[00:32:54] [PASS] csgo_pack/fix_planting_voices.py 冒烟通过
[00:32:54] [PASS] gsi/gsi_voice_bot.py 模块可加载
[00:32:54] [PASS] gsi/gsi_voice_bot_debug.py 模块可加载
[00:32:54] [INFO] 沙盒已清理，只保留日志。
[00:32:54] [INFO] 日志已写入：D:\project\cf_to_csgo\logs\20260819_003254_smoke.log
[00:32:54] [SUMMARY] 通过 62 / 失败 0 / 跳过 0 / 警告 0（共 62 项）
