WARNING: AppFramework : Unable to load module p4lib.dll!
qdir:    "d:\project\cf_to_csgo\work\m4a1_s_bornbeast\p4_prototype_01\runs\run_20260819_143956_908580\source1\"
gamedir: "D:\project\cf_to_csgo\work\m4a1_s_bornbeast\p4_prototype_01\runs\run_20260819_143956_908580\isolated_game\csgo\"
g_path:  "D:\project\cf_to_csgo\work\m4a1_s_bornbeast\p4_prototype_01\runs\run_20260819_143956_908580\source1\v_rif_m4a1.qc"
Building binary model files...
Working on "v_rif_m4a1.qc"
SMD MODEL cf_bornbeast_full_m4a4.smd
SMD MODEL v_rif_m4a1_anims\idle.smd
SMD MODEL v_rif_m4a1_anims\shoot1.smd
SMD MODEL v_rif_m4a1_anims\shoot2.smd
SMD MODEL v_rif_m4a1_anims\shoot3.smd
SMD MODEL v_rif_m4a1_anims\reload.smd
SMD MODEL v_rif_m4a1_anims\draw.smd
Processing LOD for material: rif_m4a1
---------------------
writing D:\project\cf_to_csgo\work\m4a1_s_bornbeast\p4_prototype_01\runs\run_20260819_143956_908580\isolated_game\csgo\models/weapons\v_rif_m4a1.mdl:
bones        13436 bytes (57)
   animation       x       y       ips    angle
animations   16264 bytes (9 anims) (163 frames) [0:05]
WARNING: Event 0 (frame 92) out of range in lookat01
WARNING: Event 0 (frame 2) out of range in lookat01
WARNING: Event 0 (frame 116) out of range in lookat01
ERROR: Exiting due to Errors
ERROR: Aborted Processing on 'weapons\v_rif_m4a1.mdl'
